// Jest Snapshot v1, https://goo.gl/fbAQLP

exports[`<Title /> 1`] = `
<div>
  <div
    style="padding: 20px; background: rgb(51, 51, 51); color: white; font-size: 22px;"
  >
    <div
      class="container"
    >
      <span
        class="code"
      >
        cron-converter demo
      </span>
    </div>
  </div>
</div>
`;
